  Loading domain lookup (streaming)...
  Domain lookup: 2,776,655 entries, 19 domains
  Registry: 1337 glyphs
  Chunks: 166/416

  === Chunk 167/416 ===
  Chunk 167: 1,931 papers, 1,926 with domain, 1,902 with glyphs, 13 domains, 9996s

  === Chunk 168/416 ===
  Chunk 168: 1,213 papers, 1,205 with domain, 1,195 with glyphs, 14 domains, 247s

  === Chunk 169/416 ===
  Chunk 169: 1,201 papers, 1,199 with domain, 1,185 with glyphs, 15 domains, 264s

  === Chunk 170/416 ===
  Chunk 170: 1,715 papers, 1,708 with domain, 1,686 with glyphs, 16 domains, 445s

  === Chunk 171/416 ===
  Chunk 171: 1,055 papers, 1,053 with domain, 1,042 with glyphs, 12 domains, 195s

  === Chunk 172/416 ===
  Chunk 172: 1,346 papers, 1,342 with domain, 1,319 with glyphs, 13 domains, 671s

  === Chunk 173/416 ===
  Chunk 173: 1,245 papers, 1,240 with domain, 1,218 with glyphs, 14 domains, 245s

  === Chunk 174/416 ===
  Chunk 174: 1,739 papers, 1,732 with domain, 1,710 with glyphs, 17 domains, 331s

  === Chunk 175/416 ===
  Chunk 175: 1,134 papers, 1,132 with domain, 1,123 with glyphs, 14 domains, 256s

  === Chunk 176/416 ===
  Chunk 176: 1,828 papers, 1,825 with domain, 1,806 with glyphs, 18 domains, 337s

  === Chunk 177/416 ===
  Chunk 177: 1,411 papers, 1,411 with domain, 1,402 with glyphs, 16 domains, 250s

  === Chunk 178/416 ===
  Chunk 178: 1,648 papers, 1,646 with domain, 1,623 with glyphs, 17 domains, 295s

  === Chunk 179/416 ===
  Chunk 179: 1,812 papers, 1,810 with domain, 1,798 with glyphs, 15 domains, 330s

  === Chunk 180/416 ===
  Chunk 180: 692 papers, 691 with domain, 681 with glyphs, 13 domains, 177s

  === Chunk 181/416 ===
  Chunk 181: 173 papers, 172 with domain, 165 with glyphs, 7 domains, 58s

  === Chunk 182/416 ===
  Chunk 182: 130 papers, 129 with domain, 117 with glyphs, 7 domains, 33s

  === Chunk 183/416 ===
  Chunk 183: 279 papers, 278 with domain, 268 with glyphs, 9 domains, 82s

  === Chunk 184/416 ===
  Chunk 184: 886 papers, 883 with domain, 871 with glyphs, 13 domains, 185s

  === Chunk 185/416 ===
  Chunk 185: 1,336 papers, 1,336 with domain, 1,317 with glyphs, 14 domains, 312s

  === Chunk 186/416 ===
  Chunk 186: 1,396 papers, 1,389 with domain, 1,380 with glyphs, 16 domains, 245s

  === Chunk 187/416 ===
  Chunk 187: 1,475 papers, 1,472 with domain, 1,456 with glyphs, 16 domains, 301s

  === Chunk 188/416 ===
  Chunk 188: 1,397 papers, 1,392 with domain, 1,371 with glyphs, 14 domains, 263s

  === Chunk 189/416 ===
  Chunk 189: 1,328 papers, 1,323 with domain, 1,304 with glyphs, 11 domains, 267s

  === Chunk 190/416 ===
  Chunk 190: 1,309 papers, 1,306 with domain, 1,299 with glyphs, 17 domains, 277s

  === Chunk 191/416 ===
  Chunk 191: 1,404 papers, 1,402 with domain, 1,390 with glyphs, 15 domains, 283s

  === Chunk 192/416 ===
  Chunk 192: 1,211 papers, 1,208 with domain, 1,197 with glyphs, 14 domains, 215s

  === Chunk 193/416 ===
  Chunk 193: 1,242 papers, 1,241 with domain, 1,222 with glyphs, 14 domains, 244s

  === Chunk 194/416 ===
  Chunk 194: 1,432 papers, 1,432 with domain, 1,419 with glyphs, 15 domains, 268s

  === Chunk 195/416 ===
  Chunk 195: 1,802 papers, 1,799 with domain, 1,790 with glyphs, 17 domains, 359s

  === Chunk 196/416 ===
  Chunk 196: 1,802 papers, 1,795 with domain, 1,778 with glyphs, 16 domains, 333s

  === Chunk 197/416 ===
  Chunk 197: 1,751 papers, 1,745 with domain, 1,729 with glyphs, 15 domains, 362s

  === Chunk 198/416 ===
  Chunk 198: 1,932 papers, 1,926 with domain, 1,910 with glyphs, 16 domains, 355s

  === Chunk 199/416 ===
  Chunk 199: 1,251 papers, 1,246 with domain, 1,232 with glyphs, 15 domains, 292s

  === Chunk 200/416 ===
  Chunk 200: 1,566 papers, 1,560 with domain, 1,552 with glyphs, 16 domains, 276s

  === Chunk 201/416 ===
  Chunk 201: 1,475 papers, 1,473 with domain, 1,463 with glyphs, 15 domains, 266s

  === Chunk 202/416 ===
  Chunk 202: 1,262 papers, 1,258 with domain, 1,247 with glyphs, 14 domains, 227s

  === Chunk 203/416 ===
  Chunk 203: 1,368 papers, 1,366 with domain, 1,356 with glyphs, 14 domains, 249s

  === Chunk 204/416 ===
  Chunk 204: 1,250 papers, 1,245 with domain, 1,233 with glyphs, 17 domains, 234s

  === Chunk 205/416 ===
  Chunk 205: 1,187 papers, 1,183 with domain, 1,178 with glyphs, 15 domains, 231s

  === Chunk 206/416 ===
  Chunk 206: 1,253 papers, 1,246 with domain, 1,240 with glyphs, 14 domains, 240s

  === Chunk 207/416 ===
  Chunk 207: 1,292 papers, 1,288 with domain, 1,275 with glyphs, 14 domains, 378s

  === Chunk 208/416 ===
  Chunk 208: 1,425 papers, 1,424 with domain, 1,414 with glyphs, 17 domains, 328s

  === Chunk 209/416 ===
  Chunk 209: 1,509 papers, 1,503 with domain, 1,495 with glyphs, 16 domains, 297s

  === Chunk 210/416 ===
  Chunk 210: 1,087 papers, 1,082 with domain, 1,067 with glyphs, 14 domains, 261s

  === Chunk 211/416 ===
  Chunk 211: 1,694 papers, 1,690 with domain, 1,662 with glyphs, 14 domains, 370s

  === Chunk 212/416 ===
  Chunk 212: 1,326 papers, 1,324 with domain, 1,318 with glyphs, 14 domains, 267s

  === Chunk 213/416 ===
  Chunk 213: 1,245 papers, 1,242 with domain, 1,232 with glyphs, 15 domains, 257s

  === Chunk 214/416 ===
  Chunk 214: 1,612 papers, 1,611 with domain, 1,594 with glyphs, 14 domains, 355s

  === Chunk 215/416 ===
  Chunk 215: 1,844 papers, 1,838 with domain, 1,823 with glyphs, 13 domains, 382s

  === Chunk 216/416 ===
  Chunk 216: 1,117 papers, 1,113 with domain, 1,102 with glyphs, 12 domains, 281s

  === Chunk 217/416 ===
  Chunk 217: 1,343 papers, 1,337 with domain, 1,327 with glyphs, 15 domains, 285s

  === Chunk 218/416 ===
  Chunk 218: 1,267 papers, 1,260 with domain, 1,245 with glyphs, 12 domains, 255s

  === Chunk 219/416 ===
  Chunk 219: 1,155 papers, 1,153 with domain, 1,140 with glyphs, 16 domains, 304s

  === Chunk 220/416 ===
  Chunk 220: 1,149 papers, 1,147 with domain, 1,143 with glyphs, 14 domains, 276s

  === Chunk 221/416 ===
  Chunk 221: 1,653 papers, 1,649 with domain, 1,629 with glyphs, 16 domains, 368s

  === Chunk 222/416 ===
  Chunk 222: 1,256 papers, 1,256 with domain, 1,247 with glyphs, 14 domains, 257s

  === Chunk 223/416 ===
  Chunk 223: 1,090 papers, 1,087 with domain, 1,073 with glyphs, 15 domains, 281s

  === Chunk 224/416 ===
  Chunk 224: 1,099 papers, 1,098 with domain, 1,089 with glyphs, 17 domains, 235s

  === Chunk 225/416 ===
  Chunk 225: 1,628 papers, 1,624 with domain, 1,608 with glyphs, 17 domains, 408s

  === Chunk 226/416 ===
  Chunk 226: 1,096 papers, 1,092 with domain, 1,079 with glyphs, 17 domains, 269s

  === Chunk 227/416 ===
  Chunk 227: 1,126 papers, 1,123 with domain, 1,114 with glyphs, 15 domains, 264s

  === Chunk 228/416 ===
  Chunk 228: 1,457 papers, 1,450 with domain, 1,438 with glyphs, 16 domains, 379s

  === Chunk 229/416 ===
  Chunk 229: 1,158 papers, 1,153 with domain, 1,140 with glyphs, 17 domains, 256s

  === Chunk 230/416 ===
  Chunk 230: 1,074 papers, 1,067 with domain, 1,057 with glyphs, 13 domains, 222s

  === Chunk 231/416 ===
  Chunk 231: 1,168 papers, 1,163 with domain, 1,151 with glyphs, 15 domains, 238s

  === Chunk 232/416 ===
  Chunk 232: 1,710 papers, 1,708 with domain, 1,695 with glyphs, 17 domains, 359s

  === Chunk 233/416 ===
  Chunk 233: 1,637 papers, 1,631 with domain, 1,610 with glyphs, 16 domains, 531s

  === Chunk 234/416 ===
  Chunk 234: 1,227 papers, 1,219 with domain, 1,205 with glyphs, 13 domains, 295s

  === Chunk 235/416 ===
  Chunk 235: 1,340 papers, 1,337 with domain, 1,324 with glyphs, 13 domains, 237s

  === Chunk 236/416 ===
  Chunk 236: 1,059 papers, 1,059 with domain, 1,047 with glyphs, 14 domains, 214s

  === Chunk 237/416 ===
  Chunk 237: 1,422 papers, 1,415 with domain, 1,403 with glyphs, 15 domains, 299s

  === Chunk 238/416 ===
  Chunk 238: 983 papers, 980 with domain, 971 with glyphs, 13 domains, 449s

  === Chunk 239/416 ===
  Chunk 239: 953 papers, 951 with domain, 944 with glyphs, 15 domains, 327s

  === Chunk 240/416 ===
  Chunk 240: 824 papers, 820 with domain, 809 with glyphs, 12 domains, 207s

  === Chunk 241/416 ===
  Chunk 241: 818 papers, 817 with domain, 803 with glyphs, 15 domains, 192s

  === Chunk 242/416 ===
  Chunk 242: 308 papers, 305 with domain, 297 with glyphs, 12 domains, 109s

  === Chunk 243/416 ===
  Chunk 243: 122 papers, 122 with domain, 112 with glyphs, 7 domains, 41s

  === Chunk 244/416 ===
  Chunk 244: 417 papers, 413 with domain, 401 with glyphs, 13 domains, 133s

  === Chunk 245/416 ===
  Chunk 245: 658 papers, 656 with domain, 644 with glyphs, 14 domains, 171s

  === Chunk 246/416 ===
  Chunk 246: 941 papers, 940 with domain, 929 with glyphs, 15 domains, 340s

  === Chunk 247/416 ===
  Chunk 247: 1,074 papers, 1,070 with domain, 1,061 with glyphs, 14 domains, 323s

  === Chunk 248/416 ===
  Chunk 248: 1,725 papers, 1,721 with domain, 1,708 with glyphs, 17 domains, 1005s

  === Chunk 249/416 ===
  Chunk 249: 1,060 papers, 1,055 with domain, 1,041 with glyphs, 13 domains, 225s

  === Chunk 250/416 ===
  Chunk 250: 1,251 papers, 1,249 with domain, 1,241 with glyphs, 13 domains, 306s

  === Chunk 251/416 ===
  Chunk 251: 1,578 papers, 1,573 with domain, 1,558 with glyphs, 16 domains, 374s

  === Chunk 252/416 ===
  Chunk 252: 1,217 papers, 1,216 with domain, 1,205 with glyphs, 13 domains, 273s

  === Chunk 253/416 ===
  Chunk 253: 1,064 papers, 1,063 with domain, 1,053 with glyphs, 13 domains, 242s

  === Chunk 254/416 ===
  Chunk 254: 1,384 papers, 1,384 with domain, 1,367 with glyphs, 11 domains, 278s

  === Chunk 255/416 ===
  Chunk 255: 1,109 papers, 1,103 with domain, 1,094 with glyphs, 17 domains, 277s

  === Chunk 256/416 ===
  Chunk 256: 1,245 papers, 1,243 with domain, 1,227 with glyphs, 15 domains, 266s

  === Chunk 257/416 ===
  Chunk 257: 1,885 papers, 1,878 with domain, 1,860 with glyphs, 17 domains, 357s

  === Chunk 258/416 ===
  Chunk 258: 1,683 papers, 1,678 with domain, 1,665 with glyphs, 15 domains, 323s

  === Chunk 259/416 ===
  Chunk 259: 1,832 papers, 1,827 with domain, 1,807 with glyphs, 14 domains, 359s

  === Chunk 260/416 ===
  Chunk 260: 1,194 papers, 1,192 with domain, 1,185 with glyphs, 18 domains, 239s

  === Chunk 261/416 ===
  Chunk 261: 1,575 papers, 1,571 with domain, 1,553 with glyphs, 16 domains, 326s

  === Chunk 262/416 ===
  Chunk 262: 1,107 papers, 1,106 with domain, 1,095 with glyphs, 14 domains, 255s

  === Chunk 263/416 ===
  Chunk 263: 1,154 papers, 1,151 with domain, 1,145 with glyphs, 13 domains, 272s

  === Chunk 264/416 ===
  Chunk 264: 1,443 papers, 1,440 with domain, 1,430 with glyphs, 17 domains, 399s

  === Chunk 265/416 ===
  Chunk 265: 957 papers, 952 with domain, 943 with glyphs, 13 domains, 269s

  === Chunk 266/416 ===
  Chunk 266: 830 papers, 827 with domain, 816 with glyphs, 14 domains, 195s

  === Chunk 267/416 ===
  Chunk 267: 1,681 papers, 1,678 with domain, 1,666 with glyphs, 15 domains, 392s

  === Chunk 268/416 ===
  Chunk 268: 1,460 papers, 1,455 with domain, 1,442 with glyphs, 14 domains, 432s

  === Chunk 269/416 ===
  Chunk 269: 1,613 papers, 1,609 with domain, 1,597 with glyphs, 15 domains, 378s

  === Chunk 270/416 ===
  Chunk 270: 1,142 papers, 1,141 with domain, 1,132 with glyphs, 13 domains, 269s

  === Chunk 271/416 ===
  Chunk 271: 1,568 papers, 1,567 with domain, 1,553 with glyphs, 14 domains, 382s

  === Chunk 272/416 ===
  Chunk 272: 1,099 papers, 1,096 with domain, 1,088 with glyphs, 16 domains, 259s

  === Chunk 273/416 ===
  Chunk 273: 1,227 papers, 1,224 with domain, 1,216 with glyphs, 15 domains, 285s

  === Chunk 274/416 ===
  Chunk 274: 974 papers, 972 with domain, 967 with glyphs, 14 domains, 377s

  === Chunk 275/416 ===
  Chunk 275: 1,349 papers, 1,347 with domain, 1,332 with glyphs, 17 domains, 354s

  === Chunk 276/416 ===
  Chunk 276: 1,281 papers, 1,279 with domain, 1,269 with glyphs, 14 domains, 275s

  === Chunk 277/416 ===
  Chunk 277: 967 papers, 964 with domain, 957 with glyphs, 14 domains, 283s

  === Chunk 278/416 ===
  Chunk 278: 1,662 papers, 1,656 with domain, 1,646 with glyphs, 13 domains, 382s

  === Chunk 279/416 ===
  Chunk 279: 1,181 papers, 1,179 with domain, 1,173 with glyphs, 17 domains, 295s

  === Chunk 280/416 ===
  Chunk 280: 1,120 papers, 1,117 with domain, 1,106 with glyphs, 15 domains, 242s

  === Chunk 281/416 ===
  Chunk 281: 1,343 papers, 1,339 with domain, 1,328 with glyphs, 14 domains, 336s

  === Chunk 282/416 ===
  Chunk 282: 1,082 papers, 1,080 with domain, 1,073 with glyphs, 15 domains, 249s

  === Chunk 283/416 ===
  Chunk 283: 1,039 papers, 1,039 with domain, 1,031 with glyphs, 15 domains, 256s

  === Chunk 284/416 ===
  Chunk 284: 1,148 papers, 1,145 with domain, 1,134 with glyphs, 15 domains, 257s

  === Chunk 285/416 ===
  Chunk 285: 1,550 papers, 1,549 with domain, 1,537 with glyphs, 17 domains, 401s

  === Chunk 286/416 ===
  Chunk 286: 1,047 papers, 1,047 with domain, 1,036 with glyphs, 15 domains, 398s

  === Chunk 287/416 ===
  Chunk 287: 1,089 papers, 1,087 with domain, 1,083 with glyphs, 15 domains, 249s

  === Chunk 288/416 ===
  Chunk 288: 1,136 papers, 1,133 with domain, 1,119 with glyphs, 13 domains, 256s

  === Chunk 289/416 ===
  Chunk 289: 1,080 papers, 1,078 with domain, 1,066 with glyphs, 15 domains, 230s

  === Chunk 290/416 ===
  Chunk 290: 1,401 papers, 1,397 with domain, 1,386 with glyphs, 16 domains, 368s

  === Chunk 291/416 ===
  Chunk 291: 1,607 papers, 1,603 with domain, 1,596 with glyphs, 15 domains, 379s

  === Chunk 292/416 ===
  Chunk 292: 1,068 papers, 1,068 with domain, 1,065 with glyphs, 15 domains, 276s

  === Chunk 293/416 ===
  Chunk 293: 1,066 papers, 1,064 with domain, 1,057 with glyphs, 15 domains, 381s

  === Chunk 294/416 ===
  Chunk 294: 866 papers, 864 with domain, 857 with glyphs, 14 domains, 293s

  === Chunk 295/416 ===
  Chunk 295: 944 papers, 942 with domain, 932 with glyphs, 15 domains, 257s

  === Chunk 296/416 ===
  Chunk 296: 1,032 papers, 1,029 with domain, 1,022 with glyphs, 13 domains, 245s

  === Chunk 297/416 ===
  Chunk 297: 1,374 papers, 1,373 with domain, 1,353 with glyphs, 15 domains, 445s

  === Chunk 298/416 ===
  Chunk 298: 1,641 papers, 1,639 with domain, 1,628 with glyphs, 14 domains, 391s

  === Chunk 299/416 ===
  Chunk 299: 1,380 papers, 1,379 with domain, 1,369 with glyphs, 15 domains, 328s

  === Chunk 300/416 ===
  Chunk 300: 1,129 papers, 1,127 with domain, 1,120 with glyphs, 15 domains, 244s

  === Chunk 301/416 ===
  Chunk 301: 1,006 papers, 1,005 with domain, 1,001 with glyphs, 15 domains, 246s

  === Chunk 302/416 ===
  Chunk 302: 861 papers, 857 with domain, 844 with glyphs, 14 domains, 238s

  === Chunk 303/416 ===
  Chunk 303: 1,488 papers, 1,483 with domain, 1,473 with glyphs, 18 domains, 1046s

  === Chunk 304/416 ===
  Chunk 304: 1,426 papers, 1,421 with domain, 1,412 with glyphs, 15 domains, 323s

  === Chunk 305/416 ===
  Chunk 305: 1,118 papers, 1,115 with domain, 1,111 with glyphs, 14 domains, 350s

  === Chunk 306/416 ===
  Chunk 306: 1,347 papers, 1,345 with domain, 1,331 with glyphs, 18 domains, 303s

  === Chunk 307/416 ===
  Chunk 307: 1,191 papers, 1,190 with domain, 1,177 with glyphs, 16 domains, 266s

  === Chunk 308/416 ===
  Chunk 308: 1,545 papers, 1,542 with domain, 1,538 with glyphs, 14 domains, 411s

  === Chunk 309/416 ===
  Chunk 309: 839 papers, 838 with domain, 836 with glyphs, 14 domains, 220s

  === Chunk 310/416 ===
  Chunk 310: 1,137 papers, 1,136 with domain, 1,129 with glyphs, 14 domains, 639s

  === Chunk 311/416 ===
  Chunk 311: 997 papers, 992 with domain, 987 with glyphs, 15 domains, 248s

  === Chunk 312/416 ===
  Chunk 312: 1,396 papers, 1,393 with domain, 1,382 with glyphs, 18 domains, 377s

  === Chunk 313/416 ===
  Chunk 313: 1,591 papers, 1,588 with domain, 1,574 with glyphs, 16 domains, 365s

  === Chunk 314/416 ===
  Chunk 314: 1,562 papers, 1,557 with domain, 1,542 with glyphs, 13 domains, 361s

  === Chunk 315/416 ===
  Chunk 315: 1,020 papers, 1,017 with domain, 1,005 with glyphs, 11 domains, 232s

  === Chunk 316/416 ===
  Chunk 316: 1,359 papers, 1,352 with domain, 1,341 with glyphs, 13 domains, 316s

  === Chunk 317/416 ===
  Chunk 317: 1,273 papers, 1,270 with domain, 1,260 with glyphs, 15 domains, 389s

  === Chunk 318/416 ===
  Chunk 318: 985 papers, 981 with domain, 967 with glyphs, 14 domains, 223s

  === Chunk 319/416 ===
  Chunk 319: 1,101 papers, 1,096 with domain, 1,085 with glyphs, 13 domains, 270s

  === Chunk 320/416 ===
  Chunk 320: 974 papers, 969 with domain, 966 with glyphs, 14 domains, 212s

  === Chunk 321/416 ===
  Chunk 321: 1,093 papers, 1,088 with domain, 1,078 with glyphs, 15 domains, 2839s

  === Chunk 322/416 ===
  Chunk 322: 994 papers, 994 with domain, 979 with glyphs, 14 domains, 332s

  === Chunk 323/416 ===
  Chunk 323: 992 papers, 991 with domain, 986 with glyphs, 15 domains, 259s

  === Chunk 324/416 ===
  Chunk 324: 1,114 papers, 1,111 with domain, 1,103 with glyphs, 16 domains, 466s

  === Chunk 325/416 ===
  Chunk 325: 873 papers, 872 with domain, 866 with glyphs, 15 domains, 1178s

  === Chunk 326/416 ===
  Chunk 326: 953 papers, 952 with domain, 934 with glyphs, 13 domains, 243s

  === Chunk 327/416 ===
  Chunk 327: 981 papers, 978 with domain, 972 with glyphs, 14 domains, 324s

  === Chunk 328/416 ===
  Chunk 328: 1,556 papers, 1,551 with domain, 1,541 with glyphs, 16 domains, 366s

  === Chunk 329/416 ===
  Chunk 329: 989 papers, 985 with domain, 979 with glyphs, 14 domains, 249s

  === Chunk 330/416 ===
  Chunk 330: 922 papers, 920 with domain, 912 with glyphs, 13 domains, 217s

  === Chunk 331/416 ===
  Chunk 331: 1,169 papers, 1,169 with domain, 1,162 with glyphs, 13 domains, 251s

  === Chunk 332/416 ===
  Chunk 332: 1,125 papers, 1,125 with domain, 1,114 with glyphs, 14 domains, 244s

  === Chunk 333/416 ===
  Chunk 333: 1,428 papers, 1,425 with domain, 1,414 with glyphs, 14 domains, 358s

  === Chunk 334/416 ===
  Chunk 334: 1,453 papers, 1,452 with domain, 1,442 with glyphs, 15 domains, 410s

  === Chunk 335/416 ===
  Chunk 335: 910 papers, 910 with domain, 903 with glyphs, 13 domains, 235s

  === Chunk 336/416 ===
  Chunk 336: 924 papers, 922 with domain, 916 with glyphs, 13 domains, 237s

  === Chunk 337/416 ===
  Chunk 337: 1,175 papers, 1,169 with domain, 1,157 with glyphs, 17 domains, 2026s

  === Chunk 338/416 ===
  Chunk 338: 945 papers, 943 with domain, 933 with glyphs, 16 domains, 263s

  === Chunk 339/416 ===
  Chunk 339: 783 papers, 780 with domain, 770 with glyphs, 14 domains, 213s

  === Chunk 340/416 ===
  Chunk 340: 1,353 papers, 1,349 with domain, 1,338 with glyphs, 16 domains, 358s

  === Chunk 341/416 ===
  Chunk 341: 1,494 papers, 1,489 with domain, 1,474 with glyphs, 14 domains, 381s

  === Chunk 342/416 ===
  Chunk 342: 1,503 papers, 1,499 with domain, 1,490 with glyphs, 12 domains, 398s

  === Chunk 343/416 ===
  Chunk 343: 1,297 papers, 1,296 with domain, 1,289 with glyphs, 14 domains, 304s

  === Chunk 344/416 ===
  Chunk 344: 1,230 papers, 1,229 with domain, 1,216 with glyphs, 15 domains, 390s

  === Chunk 345/416 ===
  Chunk 345: 1,353 papers, 1,350 with domain, 1,341 with glyphs, 16 domains, 369s

  === Chunk 346/416 ===
  Chunk 346: 1,051 papers, 1,048 with domain, 1,041 with glyphs, 16 domains, 360s

  === Chunk 347/416 ===
  Chunk 347: 916 papers, 916 with domain, 911 with glyphs, 14 domains, 559s

  === Chunk 348/416 ===
  Chunk 348: 1,639 papers, 1,634 with domain, 1,622 with glyphs, 17 domains, 5825s

  === Chunk 349/416 ===
  Chunk 349: 779 papers, 778 with domain, 772 with glyphs, 15 domains, 235s

  === Chunk 350/416 ===
  Chunk 350: 1,220 papers, 1,219 with domain, 1,208 with glyphs, 16 domains, 357s

  === Chunk 351/416 ===
  Chunk 351: 1,404 papers, 1,399 with domain, 1,386 with glyphs, 16 domains, 386s

  === Chunk 352/416 ===
  Chunk 352: 1,356 papers, 1,355 with domain, 1,343 with glyphs, 16 domains, 400s

  === Chunk 353/416 ===
  Chunk 353: 960 papers, 959 with domain, 952 with glyphs, 10 domains, 262s

  === Chunk 354/416 ===
  Chunk 354: 888 papers, 888 with domain, 883 with glyphs, 12 domains, 223s

  === Chunk 355/416 ===
  Chunk 355: 1,504 papers, 1,501 with domain, 1,490 with glyphs, 15 domains, 510s

  === Chunk 356/416 ===
  Chunk 356: 1,105 papers, 1,101 with domain, 1,092 with glyphs, 14 domains, 263s

  === Chunk 357/416 ===
  Chunk 357: 883 papers, 883 with domain, 880 with glyphs, 13 domains, 230s

  === Chunk 358/416 ===
  Chunk 358: 929 papers, 927 with domain, 921 with glyphs, 13 domains, 276s

  === Chunk 359/416 ===
  Chunk 359: 966 papers, 965 with domain, 955 with glyphs, 15 domains, 277s

  === Chunk 360/416 ===
  Chunk 360: 1,321 papers, 1,318 with domain, 1,308 with glyphs, 15 domains, 363s

  === Chunk 361/416 ===
  Chunk 361: 984 papers, 983 with domain, 978 with glyphs, 13 domains, 254s

  === Chunk 362/416 ===
  Chunk 362: 968 papers, 967 with domain, 959 with glyphs, 14 domains, 505s

  === Chunk 363/416 ===
  Chunk 363: 877 papers, 877 with domain, 873 with glyphs, 12 domains, 279s

  === Chunk 364/416 ===
  Chunk 364: 1,423 papers, 1,419 with domain, 1,402 with glyphs, 15 domains, 423s

  === Chunk 365/416 ===
  Chunk 365: 999 papers, 995 with domain, 983 with glyphs, 13 domains, 294s

  === Chunk 366/416 ===
  Chunk 366: 1,368 papers, 1,364 with domain, 1,347 with glyphs, 16 domains, 359s

  === Chunk 367/416 ===
  Chunk 367: 1,352 papers, 1,351 with domain, 1,334 with glyphs, 16 domains, 357s

  === Chunk 368/416 ===
  Chunk 368: 1,028 papers, 1,026 with domain, 1,022 with glyphs, 14 domains, 251s

  === Chunk 369/416 ===
  Chunk 369: 999 papers, 995 with domain, 988 with glyphs, 15 domains, 242s

  === Chunk 370/416 ===
  Chunk 370: 938 papers, 936 with domain, 929 with glyphs, 13 domains, 238s

  === Chunk 371/416 ===
  Chunk 371: 1,351 papers, 1,348 with domain, 1,339 with glyphs, 15 domains, 339s

  === Chunk 372/416 ===
  Chunk 372: 1,033 papers, 1,033 with domain, 1,026 with glyphs, 13 domains, 238s

  === Chunk 373/416 ===
  Chunk 373: 958 papers, 955 with domain, 946 with glyphs, 13 domains, 243s

  === Chunk 374/416 ===
  Chunk 374: 1,382 papers, 1,375 with domain, 1,370 with glyphs, 15 domains, 378s

  === Chunk 375/416 ===
  Chunk 375: 930 papers, 929 with domain, 920 with glyphs, 12 domains, 244s

  === Chunk 376/416 ===
  Chunk 376: 944 papers, 942 with domain, 937 with glyphs, 13 domains, 416s

  === Chunk 377/416 ===
  Chunk 377: 1,005 papers, 1,004 with domain, 997 with glyphs, 12 domains, 257s

  === Chunk 378/416 ===
  Chunk 378: 923 papers, 921 with domain, 920 with glyphs, 15 domains, 264s

  === Chunk 379/416 ===
  Chunk 379: 941 papers, 941 with domain, 932 with glyphs, 15 domains, 255s

  === Chunk 380/416 ===
  Chunk 380: 904 papers, 901 with domain, 893 with glyphs, 16 domains, 431s

  === Chunk 381/416 ===
  Chunk 381: 971 papers, 970 with domain, 961 with glyphs, 15 domains, 263s

  === Chunk 382/416 ===
  Chunk 382: 957 papers, 957 with domain, 950 with glyphs, 14 domains, 238s

  === Chunk 383/416 ===
  Chunk 383: 806 papers, 805 with domain, 795 with glyphs, 14 domains, 326s

  === Chunk 384/416 ===
  Chunk 384: 1,418 papers, 1,415 with domain, 1,408 with glyphs, 16 domains, 333s

  === Chunk 385/416 ===
  Chunk 385: 1,329 papers, 1,327 with domain, 1,315 with glyphs, 15 domains, 317s

  === Chunk 386/416 ===
  Chunk 386: 851 papers, 850 with domain, 842 with glyphs, 14 domains, 228s

  === Chunk 387/416 ===
  Chunk 387: 974 papers, 972 with domain, 961 with glyphs, 14 domains, 248s

  === Chunk 388/416 ===
  Chunk 388: 1,306 papers, 1,305 with domain, 1,290 with glyphs, 18 domains, 343s

  === Chunk 389/416 ===
  Chunk 389: 867 papers, 866 with domain, 861 with glyphs, 14 domains, 242s

  === Chunk 390/416 ===
  Chunk 390: 850 papers, 850 with domain, 844 with glyphs, 14 domains, 302s

  === Chunk 391/416 ===
  Chunk 391: 1,453 papers, 1,451 with domain, 1,439 with glyphs, 14 domains, 344s

  === Chunk 392/416 ===
  Chunk 392: 831 papers, 831 with domain, 822 with glyphs, 14 domains, 236s

  === Chunk 393/416 ===
  Chunk 393: 845 papers, 843 with domain, 843 with glyphs, 15 domains, 231s

  === Chunk 394/416 ===
  Chunk 394: 1,104 papers, 1,101 with domain, 1,091 with glyphs, 17 domains, 223s

  === Chunk 395/416 ===
  Chunk 395: 916 papers, 916 with domain, 906 with glyphs, 13 domains, 238s

  === Chunk 396/416 ===
  Chunk 396: 1,518 papers, 1,513 with domain, 1,501 with glyphs, 15 domains, 351s

  === Chunk 397/416 ===
  Chunk 397: 860 papers, 858 with domain, 853 with glyphs, 10 domains, 327s

  === Chunk 398/416 ===
  Chunk 398: 1,454 papers, 1,451 with domain, 1,441 with glyphs, 16 domains, 362s

  === Chunk 399/416 ===
  Chunk 399: 861 papers, 860 with domain, 851 with glyphs, 13 domains, 255s

  === Chunk 400/416 ===
  Chunk 400: 1,042 papers, 1,040 with domain, 1,034 with glyphs, 13 domains, 258s

  === Chunk 401/416 ===
  Chunk 401: 1,275 papers, 1,271 with domain, 1,267 with glyphs, 14 domains, 316s

  === Chunk 402/416 ===
  Chunk 402: 923 papers, 921 with domain, 913 with glyphs, 13 domains, 258s

  === Chunk 403/416 ===
  Chunk 403: 819 papers, 816 with domain, 810 with glyphs, 12 domains, 238s

  === Chunk 404/416 ===
  Chunk 404: 711 papers, 707 with domain, 702 with glyphs, 12 domains, 219s

  === Chunk 405/416 ===
  Chunk 405: 1,192 papers, 1,191 with domain, 1,186 with glyphs, 16 domains, 379s

  === Chunk 406/416 ===
  Chunk 406: 1,050 papers, 1,049 with domain, 1,041 with glyphs, 14 domains, 318s

  === Chunk 407/416 ===
  Chunk 407: 767 papers, 767 with domain, 758 with glyphs, 13 domains, 252s

  === Chunk 408/416 ===
  Chunk 408: 1,183 papers, 1,178 with domain, 1,172 with glyphs, 16 domains, 336s

  === Chunk 409/416 ===
  Chunk 409: 1,021 papers, 1,019 with domain, 1,012 with glyphs, 13 domains, 258s

  === Chunk 410/416 ===
  Chunk 410: 1,221 papers, 1,219 with domain, 1,213 with glyphs, 14 domains, 368s

  === Chunk 411/416 ===
  Chunk 411: 950 papers, 947 with domain, 931 with glyphs, 13 domains, 235s

  === Chunk 412/416 ===
  Chunk 412: 1,388 papers, 1,381 with domain, 1,375 with glyphs, 17 domains, 429s

  === Chunk 413/416 ===
  Chunk 413: 1,328 papers, 1,323 with domain, 1,316 with glyphs, 15 domains, 335s

  === Chunk 414/416 ===
  Chunk 414: 1,274 papers, 1,265 with domain, 1,255 with glyphs, 15 domains, 294s

  === Chunk 415/416 ===
  Chunk 415: 1,030 papers, 1,027 with domain, 1,017 with glyphs, 13 domains, 243s

  === Chunk 416/416 ===
  Chunk 416: 541 papers, 536 with domain, 535 with glyphs, 12 domains, 104s

  All chunks complete!
